// Jest Snapshot v1, https://goo.gl/fbAQLP

exports[`<Button /> renders correctly 1`] = `
Array [
  <style
    dangerouslySetInnerHTML={
      Object {
        "__html": ".css-vurnku{box-sizing:border-box;margin:0;min-width:0;}",
      }
    }
    data-emotion="css vurnku"
  />,
  <div
    className="css-vurnku"
  >
    <style
      dangerouslySetInnerHTML={
        Object {
          "__html": ".css-vhv7r1{box-sizing:border-box;margin:0;min-width:0;-webkit-appearance:none;-moz-appearance:none;-ms-appearance:none;appearance:none;display:inline-block;text-align:center;line-height:inherit;-webkit-text-decoration:none;text-decoration:none;font-size:inherit;padding-left:16px;padding-right:16px;padding-top:8px;padding-bottom:8px;color:white;background-color:primary;border:0;border-radius:4px;}",
        }
      }
      data-emotion="css vhv7r1"
    />
    <button
      className="css-vhv7r1"
      style={
        Object {
          "fontSize": "12px",
        }
      }
    >
      History
    </button>
  </div>,
]
`;
